// Jest Snapshot v1, https://goo.gl/fbAQLP

exports[`<Main /> should render the heading 1`] = `
.c8 {
  display: inline-block;
  vertical-align: middle;
  overflow: hidden;
}

.c11 {
  display: -webkit-box;
  display: -webkit-flex;
  display: -ms-flexbox;
  display: flex;
  background: #EAEAEA;
  border-radius: 0.4rem;
  padding: 0 1.6rem;
  border: 0.2rem solid;
  border-color: #EAEAEA;
}

.c11:focus-within {
  box-shadow: 0 0 0.5rem #F231A5;
  border-color: #F231A5;
}

.c13 {
  color: #030517;
  font-family: Poppins,-apple-system,BlinkMacSystemFont,'Segoe UI',Roboto,Oxygen,Ubuntu,Cantarell,'Open Sans','Helvetica Neue',sans- serif;
  font-size: 1.6rem;
  padding: 0.8rem 0;
  padding-left: 1.6rem;
  background: transparent;
  border: 0;
  outline: none;
  width: 100%;
}

.c12 {
  display: -webkit-box;
  display: -webkit-flex;
  display: -ms-flexbox;
  display: flex;
  width: 2.2rem;
  color: #8F8F8F;
  -webkit-order: 0;
  -ms-flex-order: 0;
  order: 0;
}

.c12 > svg {
  width: 100%;
}

.c14 {
  list-style: none;
  overflow: hidden;
  top: 100%;
  margin: 0.8rem 0 0;
  padding: 0;
  left: 0;
  right: 0;
}

.c15 {
  font-size: 1.4rem;
  font-style: italic;
  font-weight: 300;
  color: #EAEAEA;
  text-align: left;
}

.c15 span {
  color: #3CD3C1;
  font-weight: 600;
}

.c6 {
  color: #FAFAFA;
  font-weight: 400;
  font-size: 2.2rem;
}

.c7 {
  display: none;
}

.c0 {
  background-color: #06092B;
  color: #FAFAFA;
  width: 100%;
  height: 100%;
  display: -webkit-box;
  display: -webkit-flex;
  display: -ms-flexbox;
  display: flex;
  -webkit-flex-direction: column;
  -ms-flex-direction: column;
  flex-direction: column;
  text-align: center;
  padding: 3rem;
  -webkit-align-items: center;
  -webkit-box-align: center;
  -ms-flex-align: center;
  align-items: center;
  -webkit-box-pack: center;
  -webkit-justify-content: center;
  -ms-flex-pack: center;
  justify-content: center;
}

.c5 {
  font-weight: 400;
}

.c5 a {
  color: #F231A5;
  font-weight: 600;
  -webkit-text-decoration: none;
  text-decoration: none;
}

.c5 a:hover {
  -webkit-text-decoration: underline;
  text-decoration: underline;
  -webkit-transition: 0.3s ease-in-out;
  transition: 0.3s ease-in-out;
}

.c5 svg {
  color: #3CD3C1;
}

.c9 {
  margin-top: 3rem;
  width: min(30rem,100%);
}

.c10 {
  width: 100%;
  margin-top: 3rem;
}

.c1 {
  display: -webkit-box;
  display: -webkit-flex;
  display: -ms-flexbox;
  display: flex;
  -webkit-flex-direction: column;
  -ms-flex-direction: column;
  flex-direction: column;
}

.c2 {
  width: 25rem;
  margin-right: 1rem;
}

.c3 {
  background-image: linear-gradient(45deg,#8a2387,#f23131);
  font-family: 'Poppins, -apple-system, BlinkMacSystemFont, 'Segoe UI', Roboto, Oxygen, Ubuntu, Cantarell, 'Open Sans', 'Helvetica Neue', sans- serif';
  font-size: 5.2rem;
  font-weight: 900;
  background-clip: text;
  -webkit-background-clip: text;
  color: transparent;
  padding-right: 0.8rem;
  -webkit-letter-spacing: -5px;
  -moz-letter-spacing: -5px;
  -ms-letter-spacing: -5px;
  letter-spacing: -5px;
}

.c4 {
  margin: 2.4rem 0;
}

@media (min-width:1170px) {
  .c6 {
    font-size: 2.8rem;
  }
}

@media (min-width:1170px) {
  .c7 {
    display: block;
  }
}

@media (min-width:768px) {
  .c5 {
    text-align: left;
  }
}

@media (min-width:768px) {
  .c10 {
    width: 70%;
  }
}

@media (min-width:768px) {
  .c1 {
    display: -webkit-box;
    display: -webkit-flex;
    display: -ms-flexbox;
    display: flex;
    -webkit-flex-direction: row;
    -ms-flex-direction: row;
    flex-direction: row;
    width: 70%;
  }
}

@media (min-width:768px) {
  .c4 {
    width: 70%;
    display: grid;
    grid-template-columns: 1fr 1fr;
    justify-items: center;
    -webkit-align-items: center;
    -webkit-box-align: center;
    -ms-flex-align: center;
    align-items: center;
  }
}

<main
  class="c0"
>
  <div
    class="c1"
  >
    <img
      alt="Imagem de um átomo e React Avançado escrito ao lado."
      class="c2"
      src="/img/logo.svg"
    />
    <div
      class="c3"
    >
      FAQ
    </div>
  </div>
  <div
    class="c4"
  >
    <div
      class="c5"
    >
      <h2
        class="c6"
        color="white"
      >
        <div
          class="c7"
        >
          <svg
            aria-hidden="true"
            class="c8"
            fill="currentColor"
            focusable="false"
            height="60"
            viewBox="0 0 24 24"
            width="60"
            xmlns="http://www.w3.org/2000/svg"
          >
            <path
              d="M0 0h24v24H0V0z"
              fill="none"
            />
            <path
              d="M15 4v7H5.17l-.59.59-.58.58V4h11m1-2H3c-.55 0-1 .45-1 1v14l4-4h10c.55 0 1-.45 1-1V3c0-.55-.45-1-1-1zm5 4h-2v9H6v2c0 .55.45 1 1 1h11l4 4V7c0-.55-.45-1-1-1z"
            />
          </svg>
        </div>
        Dúvidas e erros frequentes do curso de 
         
        <a
          href="https://reactavancado.com.br/"
        >
          React Avançado
        </a>
         
         e coisas relacionadas também.
      </h2>
    </div>
    <img
      alt="Duas pessoas com um ponto interrogação."
      class="c9"
      src="/img/faq.svg"
    />
  </div>
  <div
    class="c10"
  >
    <div
      aria-expanded="true"
      aria-haspopup="listbox"
      aria-owns="faq-autosuggest-menu"
      class="c11"
      role="combobox"
    >
      <div
        class="c12"
      >
        <svg
          aria-hidden="true"
          class="c8"
          fill="currentColor"
          focusable="false"
          viewBox="0 0 24 24"
          xmlns="http://www.w3.org/2000/svg"
        >
          <path
            d="M0 0h24v24H0V0z"
            fill="none"
          />
          <path
            d="M15.5 14h-.79l-.28-.27A6.471 6.471 0 0016 9.5 6.5 6.5 0 109.5 16c1.61 0 3.09-.59 4.23-1.57l.27.28v.79l5 4.99L20.49 19l-4.99-5zm-6 0C7.01 14 5 11.99 5 9.5S7.01 5 9.5 5 14 7.01 14 9.5 11.99 14 9.5 14z"
          />
        </svg>
      </div>
      <input
        aria-autocomplete="list"
        aria-controls="faq-autosuggest-menu"
        aria-label="Procure entre perguntas mais frequentes"
        aria-labelledby="faq-autosuggest-label"
        autocomplete="off"
        class="c13"
        id="faq-autosuggest-input"
        placeholder="Pesquisar"
        type="text"
        value=""
      />
    </div>
    <ul
      aria-labelledby="faq-autosuggest-label"
      class="c14"
      id="faq-autosuggest-menu"
      role="listbox"
    >
      <li
        class="c15"
      >
        Nenhum resultado encontrado para 
         
        <span />
      </li>
    </ul>
  </div>
  <a
    aria-label="Open GitHub project"
    class="github-corner"
    href="https://github.com/morpa/FAQ"
  >
    <svg
      height="80"
      style="position: absolute; top: 0px; fill: #fff; right: 0px;"
      viewBox="0 0 250 250"
      width="80"
    >
      <path
        class="octo-banner"
        d="M0 0l115 115h15l12 27 108 108V0z"
        fill="#F231A5"
      />
      <path
        class="octo-arm"
        d="M128 109c-15-9-9-19-9-19 3-7 2-11 2-11-1-7 3-2 3-2 4 5 2 11 2 11-3 10 5 15 9 16"
        style="transform-origin: 130px 106px;"
      />
      <path
        class="octo-body"
        d="M115 115s4 2 5 0l14-14c3-2 6-3 8-3-8-11-15-24 2-41 5-5 10-7 16-7 1-2 3-7 12-11 0 0 5 3 7 16 4 2 8 5 12 9s7 8 9 12c14 3 17 7 17 7-4 8-9 11-11 11 0 6-2 11-7 16-16 16-30 10-41 2 0 3-1 7-5 11l-12 11c-1 1 1 5 1 5z"
      />
    </svg>
  </a>
</main>
`
